13:02:09 **** Incremental Build of configuration Debug for project practica_04_2 ****
make -j16 all 
arm-none-eabi-size  practica_04_2.elf 
   text	   data	    bss	    dec	    hex	filename
   7228	     48	   1592	   8868	   22a4	practica_04_2.elf
Finished building: default.size.stdout
 
13:02:11 **** Incremental Build of configuration Debug for project practica_04_2 ****
make -j16 all 
arm-none-eabi-size  practica_04_2.elf 
   text	   data	    bss	    dec	    hex	filename
   7228	     48	   1592	   8868	   22a4	practica_04_2.elf
Finished building: default.size.stdout
 
